// Jest Snapshot v1, https://goo.gl/fbAQLP

exports[`renders homepage unchanged 1`] = `
<div>
  <div
    class="relative flex items-center"
  >
    <div
      class="-z-10 opacity-0 ml-1 hidden md:flex left-full absolute whitespace-no-wrap bg-gradient-to-r from-indigo-600 to-indigo-500 text-slate-100 dark:text-slate-300 px-4 py-2 rounded items-center transition-all duration-150"
    >
      <div
        class="bg-indigo-600 h-3 w-3 absolute"
        style="left: -6px; transform: rotate(45deg);"
      />
      tooltip-test
    </div>
    Test
  </div>
</div>
`;
